Archive member included to satisfy reference by file (symbol)

contiki-whitefield.a(collect-view.o)
                              client.co (collect_view_construct_message)
contiki-whitefield.a(collect-view-te)
                              contiki-whitefield.a(collect-view.o) (collect_view_arch_read_sensors)
contiki-whitefield.a(contiki-main.o)
                              /usr/lib/gcc/x86_64-linux-gnu/8/../../../x86_64-linux-gnu/Scrt1.o (main)
contiki-whitefield.a(clock.o)
                              contiki-whitefield.a(collect-view.o) (clock_time)
contiki-whitefield.a(wfmac_driver.o)
                              contiki-whitefield.a(contiki-main.o) (wfmac_driver)
contiki-whitefield.a(wfradio_driver.)
                              contiki-whitefield.a(contiki-main.o) (wfradio_process)
contiki-whitefield.a(button-sensor.o)
                              client.co (button_sensor)
contiki-whitefield.a(pir-sensor.o)
                              contiki-whitefield.a(contiki-main.o) (pir_sensor)
contiki-whitefield.a(vib-sensor.o)
                              contiki-whitefield.a(contiki-main.o) (vib_sensor)
contiki-whitefield.a(sensors.o)
                              contiki-whitefield.a(button-sensor.o) (sensors_changed)
contiki-whitefield.a(command_storing)
                              contiki-whitefield.a(wfradio_driver.) (cmd_rtsize)
contiki-whitefield.a(ctimer.o)
                              contiki-whitefield.a(contiki-main.o) (ctimer_init)
contiki-whitefield.a(autostart.o)
                              contiki-whitefield.a(contiki-main.o) (autostart_start)
contiki-whitefield.a(energest.o)
                              obj_whitefield/rpl-metrics-get.o (energest_type_time)
contiki-whitefield.a(etimer.o)
                              contiki-whitefield.a(contiki-main.o) (etimer_process)
contiki-whitefield.a(process.o)
                              client.co (process_current)
contiki-whitefield.a(rtimer.o)
                              contiki-whitefield.a(contiki-main.o) (rtimer_init)
contiki-whitefield.a(timer.o)
                              contiki-whitefield.a(etimer.o) (timer_set)
contiki-whitefield.a(serial-line.o)
                              obj_whitefield/collect-common.o (serial_line_event_message)
contiki-whitefield.a(leds.o)  obj_whitefield/collect-common.o (leds_blink)
contiki-whitefield.a(list.o)  contiki-whitefield.a(ctimer.o) (list_init)
contiki-whitefield.a(random.o)
                              contiki-whitefield.a(contiki-main.o) (random_init)
contiki-whitefield.a(ringbuf.o)
                              contiki-whitefield.a(serial-line.o) (ringbuf_init)
contiki-whitefield.a(uip-ds6.o)
                              client.co (uip_ds6_if)
contiki-whitefield.a(uip-ds6-route.o)
                              contiki-whitefield.a(uip-ds6.o) (uip_ds6_route_init)
contiki-whitefield.a(uip6.o)  client.co (uip_lladdr)
contiki-whitefield.a(uip-ds6-nbr.o)
                              contiki-whitefield.a(uip-ds6.o) (uip_ds6_neighbors_init)
contiki-whitefield.a(uip-nd6.o)
                              contiki-whitefield.a(uip6.o) (uip_nd6_init)
contiki-whitefield.a(sicslowpan.o)
                              contiki-whitefield.a(contiki-main.o) (sicslowpan_driver)
contiki-whitefield.a(uip-packetqueue)
                              contiki-whitefield.a(uip-ds6-nbr.o) (uip_packetqueue_new)
contiki-whitefield.a(uip-udp-packet.)
                              client.co (uip_udp_packet_sendto)
contiki-whitefield.a(tcpip.o)
                              client.co (tcpip_event)
contiki-whitefield.a(uip-debug.o)
                              client.co (uip_debug_ipaddr_print)
contiki-whitefield.a(rpl-ext-header.)
                              contiki-whitefield.a(uip6.o) (rpl_verify_hbh_header)
contiki-whitefield.a(rpl.o)   contiki-whitefield.a(rpl-ext-header.) (rpl_stats)
contiki-whitefield.a(rpl-icmp6.o)
                              obj_whitefield/rpl-metrics.o (rpl_leaf)
contiki-whitefield.a(rpl-dag.o)
                              contiki-whitefield.a(rpl-ext-header.) (rpl_parents)
contiki-whitefield.a(queuebuf.o)
                              contiki-whitefield.a(contiki-main.o) (queuebuf_init)
contiki-whitefield.a(nbr-table.o)
                              contiki-whitefield.a(uip-ds6-route.o) (nbr_table_register)
contiki-whitefield.a(packetbuf.o)
                              contiki-whitefield.a(wfradio_driver.) (packetbuf_clear)
contiki-whitefield.a(netstack.o)
                              contiki-whitefield.a(contiki-main.o) (netstack_init)
contiki-whitefield.a(linkaddr.o)
                              contiki-whitefield.a(contiki-main.o) (linkaddr_node_addr)
contiki-whitefield.a(net-debug.o)
                              contiki-whitefield.a(rpl-icmp6.o) (net_debug_lladdr_print)
contiki-whitefield.a(link-stats.o)
                              contiki-whitefield.a(rpl-dag.o) (link_stats_from_lladdr)
contiki-whitefield.a(framer-nullmac.)
[...]
Memory Configuration

Name             Origin             Length             Attributes
*default*        0x0000000000000000 0xffffffffffffffff

Linker script and memory map

LOAD /usr/lib/gcc/x86_64-linux-gnu/8/../../../x86_64-linux-gnu/Scrt1.o
LOAD /usr/lib/gcc/x86_64-linux-gnu/8/../../../x86_64-linux-gnu/crti.o
LOAD /usr/lib/gcc/x86_64-linux-gnu/8/crtbeginS.o
LOAD client.co
LOAD obj_whitefield/collect-common.o
LOAD obj_whitefield/rpl-metrics.o
LOAD obj_whitefield/rpl-metrics-get.o
LOAD obj_whitefield/rpl-metrics-containers-OF.o
LOAD contiki-whitefield.a
LOAD ../../../../bin/libwf_commline.a
LOAD /usr/lib/gcc/x86_64-linux-gnu/8/../../../x86_64-linux-gnu/libdl.so
LOAD /usr/lib/gcc/x86_64-linux-gnu/8/libgcc.a
LOAD /usr/lib/gcc/x86_64-linux-gnu/8/libgcc_s.so
START GROUP
LOAD /usr/lib/gcc/x86_64-linux-gnu/8/libgcc_s.so.1
LOAD /usr/lib/gcc/x86_64-linux-gnu/8/libgcc.a
END GROUP
LOAD /usr/lib/gcc/x86_64-linux-gnu/8/../../../x86_64-linux-gnu/libc.so
START GROUP
LOAD /lib/x86_64-linux-gnu/libc.so.6
LOAD /usr/lib/x86_64-linux-gnu/libc_nonshared.a
LOAD /lib/x86_64-linux-gnu/ld-linux-x86-64.so.2
END GROUP
LOAD /usr/lib/gcc/x86_64-linux-gnu/8/libgcc.a
LOAD /usr/lib/gcc/x86_64-linux-gnu/8/libgcc_s.so
START GROUP
LOAD /usr/lib/gcc/x86_64-linux-gnu/8/libgcc_s.so.1
LOAD /usr/lib/gcc/x86_64-linux-gnu/8/libgcc.a
END GROUP
LOAD /usr/lib/gcc/x86_64-linux-gnu/8/crtendS.o
LOAD /usr/lib/gcc/x86_64-linux-gnu/8/../../../x86_64-linux-gnu/crtn.o
                [!provide]                        PROVIDE (__executable_start = SEGMENT_START ("text-segment", 0x0))
                0x00000000000002a8                . = (SEGMENT_START ("text-segment", 0x0) + SIZEOF_HEADERS)

.interp         0x00000000000002a8       0x1c
 *(.interp)
 .interp        0x00000000000002a8       0x1c /usr/lib/gcc/x86_64-linux-gnu/8/../../../x86_64-linux-gnu/Scrt1.o

.note.gnu.build-id
                0x00000000000002c4       0x24
 *(.note.gnu.build-id)
 .note.gnu.build-id
                0x00000000000002c4       0x24 /usr/lib/gcc/x86_64-linux-gnu/8/../../../x86_64-linux-gnu/Scrt1.o

.note.ABI-tag   0x00000000000002e8       0x20
 .note.ABI-tag  0x00000000000002e8       0x20 /usr/lib/gcc/x86_64-linux-gnu/8/../../../x86_64-linux-gnu/Scrt1.o

.hash
 *(.hash)

.gnu.hash       0x0000000000000308      0xdf8
 *(.gnu.hash)
 .gnu.hash      0x0000000000000308      0xdf8 /usr/lib/gcc/x86_64-linux-gnu/8/../../../x86_64-linux-gnu/Scrt1.o

.dynsym         0x0000000000001100     0x3300
 *(.dynsym)
 .dynsym        0x0000000000001100     0x3300 /usr/lib/gcc/x86_64-linux-gnu/8/../../../x86_64-linux-gnu/Scrt1.o

.dynstr         0x0000000000004400     0x22bf
 *(.dynstr)
 .dynstr        0x0000000000004400     0x22bf /usr/lib/gcc/x86_64-linux-gnu/8/../../../x86_64-linux-gnu/Scrt1.o

.gnu.version    0x00000000000066c0      0x440
 *(.gnu.version)
 .gnu.version   0x00000000000066c0      0x440 /usr/lib/gcc/x86_64-linux-gnu/8/../../../x86_64-linux-gnu/Scrt1.o

.gnu.version_d  0x0000000000006b00        0x0
 *(.gnu.version_d)
 .gnu.version_d
                0x0000000000006b00        0x0 /usr/lib/gcc/x86_64-linux-gnu/8/../../../x86_64-linux-gnu/Scrt1.o

.gnu.version_r  0x0000000000006b00       0x50
 *(.gnu.version_r)
 .gnu.version_r
                0x0000000000006b00       0x50 /usr/lib/gcc/x86_64-linux-gnu/8/../../../x86_64-linux-gnu/Scrt1.o

.rela.dyn       0x0000000000006b50      0xcd8
 *(.rela.init)
 *(.rela.text .rela.text.* .rela.gnu.linkonce.t.*)
 .rela.text     0x0000000000006b50        0x0 /usr/lib/gcc/x86_64-linux-gnu/8/../../../x86_64-linux-gnu/Scrt1.o
 *(.rela.fini)
 *(.rela.rodata .rela.rodata.* .rela.gnu.linkonce.r.*)
 *(.rela.data .rela.data.* .rela.gnu.linkonce.d.*)
 .rela.data.rel.ro
                0x0000000000006b50       0x48 /usr/lib/gcc/x86_64-linux-gnu/8/../../../x86_64-linux-gnu/Scrt1.o
 .rela.data.rel.local
                0x0000000000006b98      0x6c0 /usr/lib/gcc/x86_64-linux-gnu/8/../../../x86_64-linux-gnu/Scrt1.o
 .rela.data.rel
                0x0000000000007258       0x48 /usr/lib/gcc/x86_64-linux-gnu/8/../../../x86_64-linux-gnu/Scrt1.o
 .rela.data.rel.ro.local
                0x00000000000072a0      0x4c8 /usr/lib/gcc/x86_64-linux-gnu/8/../../../x86_64-linux-gnu/Scrt1.o
 *(.rela.tdata .rela.tdata.* .rela.gnu.linkonce.td.*)
 *(.rela.tbss .rela.tbss.* .rela.gnu.linkonce.tb.*)
 *(.rela.ctors)
 *(.rela.dtors)
 *(.rela.got)
 .rela.got      0x0000000000007768       0x78 /usr/lib/gcc/x86_64-linux-gnu/8/../../../x86_64-linux-gnu/Scrt1.o
 *(.rela.bss .rela.bss.* .rela.gnu.linkonce.b.*)
 .rela.bss      0x00000000000077e0       0x18 /usr/lib/gcc/x86_64-linux-gnu/8/../../../x86_64-linux-gnu/Scrt1.o
 *(.rela.ldata .rela.ldata.* .rela.gnu.linkonce.l.*)
 *(.rela.lbss .rela.lbss.* .rela.gnu.linkonce.lb.*)
 *(.rela.lrodata .rela.lrodata.* .rela.gnu.linkonce.lr.*)
 *(.rela.ifunc)
 .rela.ifunc    0x00000000000077f8        0x0 /usr/lib/gcc/x86_64-linux-gnu/8/../../../x86_64-linux-gnu/Scrt1.o
 .rela.fini_array
                0x00000000000077f8       0x18 /usr/lib/gcc/x86_64-linux-gnu/8/../../../x86_64-linux-gnu/Scrt1.o
 .rela.init_array
                0x0000000000007810       0x18 /usr/lib/gcc/x86_64-linux-gnu/8/../../../x86_64-linux-gnu/Scrt1.o

.rela.plt       0x0000000000007828      0x3c0
 *(.rela.plt)
 .rela.plt      0x0000000000007828      0x3c0 /usr/lib/gcc/x86_64-linux-gnu/8/../../../x86_64-linux-gnu/Scrt1.o
                [!provide]                        PROVIDE (__rela_iplt_start = .)
 *(.rela.iplt)
                [!provide]                        PROVIDE (__rela_iplt_end = .)
                0x0000000000008000                . = ALIGN (CONSTANT (MAXPAGESIZE))

.init           0x0000000000008000       0x17
 *(SORT_NONE(.init))
 .init          0x0000000000008000       0x12 /usr/lib/gcc/x86_64-linux-gnu/8/../../../x86_64-linux-gnu/crti.o
                0x0000000000008000                _init
 .init          0x0000000000008012        0x5 /usr/lib/gcc/x86_64-linux-gnu/8/../../../x86_64-linux-gnu/crtn.o

.plt            0x0000000000008020      0x290
 *(.plt)
 .plt           0x0000000000008020      0x290 /usr/lib/gcc/x86_64-linux-gnu/8/../../../x86_64-linux-gnu/Scrt1.o
                0x0000000000008030                getenv@@GLIBC_2.2.5
                0x0000000000008040                free@@GLIBC_2.2.5
                0x0000000000008050                putchar@@GLIBC_2.2.5
                0x0000000000008060                __errno_location@@GLIBC_2.2.5
                0x0000000000008070                strncpy@@GLIBC_2.2.5
                0x0000000000008080                strncmp@@GLIBC_2.2.5
                0x0000000000008090                puts@@GLIBC_2.2.5
                0x00000000000080a0                atof@@GLIBC_2.2.5
                0x00000000000080b0                fclose@@GLIBC_2.2.5
                0x00000000000080c0                strlen@@GLIBC_2.2.5
                0x00000000000080d0                __stack_chk_fail@@GLIBC_2.4
                0x00000000000080e0                getuid@@GLIBC_2.2.5
                0x00000000000080f0                strchr@@GLIBC_2.2.5
                0x0000000000008100                printf@@GLIBC_2.2.5
                0x0000000000008110                snprintf@@GLIBC_2.2.5
                0x0000000000008120                gettimeofday@@GLIBC_2.2.5
                0x0000000000008130                memset@@GLIBC_2.2.5
                0x0000000000008140                sendto@@GLIBC_2.2.5
                0x0000000000008150                close@@GLIBC_2.2.5
                0x0000000000008160                fputc@@GLIBC_2.2.5
                0x0000000000008170                srand@@GLIBC_2.2.5
                0x0000000000008180                memcmp@@GLIBC_2.2.5
                0x0000000000008190                strcmp@@GLIBC_2.2.5
                0x00000000000081a0                signal@@GLIBC_2.2.5
                0x00000000000081b0                fprintf@@GLIBC_2.2.5
                0x00000000000081c0                memcpy@@GLIBC_2.14
                0x00000000000081d0                malloc@@GLIBC_2.2.5
                0x00000000000081e0                fflush@@GLIBC_2.2.5
                0x00000000000081f0                recvfrom@@GLIBC_2.2.5
                0x0000000000008200                setitimer@@GLIBC_2.2.5
                0x0000000000008210                bind@@GLIBC_2.2.5
                0x0000000000008220                memmove@@GLIBC_2.2.5
                0x0000000000008230                fopen@@GLIBC_2.2.5
                0x0000000000008240                atoi@@GLIBC_2.2.5
                0x0000000000008250                exit@@GLIBC_2.2.5
                0x0000000000008260                fwrite@@GLIBC_2.2.5
                0x0000000000008270                rand@@GLIBC_2.2.5
                0x0000000000008280                __ctype_b_loc@@GLIBC_2.3
                0x0000000000008290                usleep@@GLIBC_2.2.5
                0x00000000000082a0                socket@@GLIBC_2.2.5
 *(.iplt)

.plt.got        0x00000000000082b0        0x8
 *(.plt.got)
 .plt.got       0x00000000000082b0        0x8 /usr/lib/gcc/x86_64-linux-gnu/8/../../../x86_64-linux-gnu/Scrt1.o
                0x00000000000082b0                __cxa_finalize@@GLIBC_2.2.5

.plt.sec
 *(.plt.sec)

.text           0x00000000000082c0    0x1f281
 *(.text.unlikely .text.*_unlikely .text.unlikely.*)
 *(.text.exit .text.exit.*)
 *(.text.startup .text.startup.*)
 *(.text.hot .text.hot.*)
 *(.text .stub .text.* .gnu.linkonce.t.*)
 .text          0x00000000000082c0       0x2b /usr/lib/gcc/x86_64-linux-gnu/8/../../../x86_64-linux-gnu/Scrt1.o
                0x00000000000082c0                _start
 .text          0x00000000000082eb        0x0 /usr/lib/gcc/x86_64-linux-gnu/8/../../../x86_64-linux-gnu/crti.o
 *fill*         0x00000000000082eb        0x5 
 .text          0x00000000000082f0       0xb5 /usr/lib/gcc/x86_64-linux-gnu/8/crtbeginS.o
 .text          0x00000000000083a5      0xc7a client.co
                0x00000000000083a5                dpkt_latency_time
                0x000000000000844e                collect_common_set_sink
                0x0000000000008455                collect_common_net_print
                0x000000000000877c                collect_common_send
                0x0000000000008959                collect_common_net_init
                0x0000000000008b21                set_udp_param
                0x0000000000008f65                start_udp_process
                0x0000000000008fbe                udp_get_app_stat
 .text          0x000000000000901f      0x4bb obj_whitefield/collect-common.o
                0x00000000000090c8                collect_common_set_send_active
                0x00000000000090db                collect_common_recv
 .text          0x00000000000094da      0xdb6 obj_whitefield/rpl-metrics.o
                0x00000000000094da                rpl_metrics_create_object
                0x00000000000095d1                rpl_metrics_create_root_container
                0x000000000000973e                rpl_metrics_copy_mc
                0x0000000000009984                rpl_metrics_write_object_to_metric_container
                0x0000000000009bcf                rpl_metrics_read_from_metric_container
                0x0000000000009cc6                rpl_metrics_array_of_metrics
                0x0000000000009ee7                rpl_metrics_aggregated
                0x0000000000009f48                rpl_metrics_update_metric_container
                0x000000000000a1f8                rpl_metrics_satisfies_constraint
 .text          0x000000000000a290      0x359 obj_whitefield/rpl-metrics-get.o
                0x000000000000a290                rpl_metrics_get_NSA
                0x000000000000a29b                rpl_metrics_get_energy
                0x000000000000a2e7                rpl_metrics_get_hop_count
                0x000000000000a372                rpl_metrics_get_throughput
                0x000000000000a37d                rpl_metrics_get_latency
                0x000000000000a384                rpl_metrics_get_LQL
                0x000000000000a38f                rpl_metrics_get_ETX
                0x000000000000a3c2                rpl_metrics_get_LC
                0x000000000000a3cd                rpl_metrics_etx_refresh
                0x000000000000a44b                rpl_metrics_power_refresh
 .text          0x000000000000a5e9      0x514 obj_whitefield/rpl-metrics-containers-OF.o
 .text          0x000000000000aafd      0x20c contiki-whitefield.a(collect-view.o)
                0x000000000000aafd                collect_view_construct_message
 .text          0x000000000000ad09       0x1f contiki-whitefield.a(collect-view-te)
                0x000000000000ad09                collect_view_arch_read_sensors
 .text          0x000000000000ad28      0xa1d contiki-whitefield.a(contiki-main.o)
                0x000000000000ad28                sig_handler
                0x000000000000ad53                print_loc_addr
                0x000000000000adfd                main
                0x000000000000b6e1                log_message
                0x000000000000b717                uip_log
 .text          0x000000000000b745       0xbd contiki-whitefield.a(clock.o)
                0x000000000000b745                clock_time
                0x000000000000b7b6                clock_seconds
                0x000000000000b7f8                clock_delay
 .text          0x000000000000b802      0x959 contiki-whitefield.a(wfmac_driver.o)
                0x000000000000bcfb                get_tx_status
                0x000000000000bdba                mac_handle_ack
 .text          0x000000000000c15b      0x925 contiki-whitefield.a(wfradio_driver.)
                0x000000000000c185                radio_set_channel
                0x000000000000c18f                radio_set_txpower
                0x000000000000c19b                radio_signal_strength_last
                0x000000000000c1a6                radio_signal_strength_current
                0x000000000000c1b1                radio_LQI
 .text          0x000000000000ca80       0x40 contiki-whitefield.a(button-sensor.o)
                0x000000000000ca80                button_press
 .text          0x000000000000cac0       0x59 contiki-whitefield.a(pir-sensor.o)
                0x000000000000cac0                pir_sensor_changed
 .text          0x000000000000cb19       0x50 contiki-whitefield.a(vib-sensor.o)
                0x000000000000cb19                vib_sensor_changed
 .text          0x000000000000cb69      0x35f contiki-whitefield.a(sensors.o)
                0x000000000000cbb5                sensors_first
                0x000000000000cbc2                sensors_next
                0x000000000000cbf4                sensors_changed
                0x000000000000cc3a                sensors_find
 .text          0x000000000000cec8      0x2a1 contiki-whitefield.a(command_storing)
                0x000000000000cec8                get_route_list
                0x000000000000d12b                cmd_rtsize
 .text          0x000000000000d169      0x3f4 contiki-whitefield.a(ctimer.o)
                0x000000000000d2bb                ctimer_init
                0x000000000000d2e9                ctimer_set
                0x000000000000d326                ctimer_set_with_process
                0x000000000000d3d3                ctimer_reset
                0x000000000000d437                ctimer_restart
                0x000000000000d49b                ctimer_stop
                0x000000000000d4f5                ctimer_expired
 .text          0x000000000000d55d       0xb3 contiki-whitefield.a(autostart.o)
                0x000000000000d55d                autostart_start
                0x000000000000d5b9                autostart_exit
 .text          0x000000000000d610       0x2a contiki-whitefield.a(energest.o)
                0x000000000000d610                energest_type_set
                0x000000000000d61e                energest_init
                0x000000000000d625                energest_type_time
                0x000000000000d633                energest_flush
 .text          0x000000000000d63a      0x537 contiki-whitefield.a(etimer.o)
                0x000000000000d8da                etimer_request_poll
                0x000000000000d97b                etimer_set
                0x000000000000d9ad                etimer_reset_with_new_interval
                0x000000000000d9e4                etimer_reset
                0x000000000000da0b                etimer_restart
                0x000000000000da32                etimer_adjust
                0x000000000000da5f                etimer_expired
                0x000000000000da7a                etimer_expiration_time
                0x000000000000da96                etimer_start_time
                0x000000000000daa7                etimer_pending
                0x000000000000dabd                etimer_next_expiration_time
                0x000000000000dada                etimer_stop
 .text          0x000000000000db71      0x602 contiki-whitefield.a(process.o)
                0x000000000000db71                process_alloc_event
                0x000000000000db87                process_start
                0x000000000000ddc5                process_exit
                0x000000000000ddea                process_init
                0x000000000000dfcb                process_run
                0x000000000000dffc                process_nevents
                0x000000000000e018                process_post
                0x000000000000e0dc                process_post_synch
                0x000000000000e120                process_poll
                0x000000000000e159                process_is_running
 .text          0x000000000000e173       0xfb contiki-whitefield.a(rtimer.o)
                0x000000000000e173                rtimer_init
                0x000000000000e17f                rtimer_set
                0x000000000000e1ff                rtimer_run_next
 .text          0x000000000000e26e       0xdf contiki-whitefield.a(timer.o)
                0x000000000000e26e                timer_set
                0x000000000000e29c                timer_reset
                0x000000000000e2c0                timer_restart
                0x000000000000e2de                timer_expired
                0x000000000000e31b                timer_remaining
 .text          0x000000000000e34d      0x1f9 contiki-whitefield.a(serial-line.o)
                0x000000000000e34d                serial_line_input_byte
                0x000000000000e516                serial_line_init
 .text          0x000000000000e546      0x116 contiki-whitefield.a(leds.o)
                0x000000000000e584                leds_init
                0x000000000000e592                leds_blink
                0x000000000000e5c9                leds_get
                0x000000000000e5d0                leds_set
                0x000000000000e5eb                leds_on
                0x000000000000e60f                leds_off
                0x000000000000e638                leds_toggle
 .text          0x000000000000e65c      0x311 contiki-whitefield.a(list.o)
                0x000000000000e65c                list_init
                0x000000000000e672                list_head
                0x000000000000e683                list_copy
                0x000000000000e6a0                list_tail
                0x000000000000e6e5                list_add
                0x000000000000e745                list_push
                0x000000000000e784                list_chop
                0x000000000000e80d                list_pop
                0x000000000000e843                list_remove
                0x000000000000e8cb                list_length
                0x000000000000e902                list_insert
                0x000000000000e94e                list_item_next
 .text          0x000000000000e96d       0x27 contiki-whitefield.a(random.o)
                0x000000000000e96d                random_init
                0x000000000000e989                random_rand
 .text          0x000000000000e994      0x189 contiki-whitefield.a(ringbuf.o)
                0x000000000000e994                ringbuf_init
                0x000000000000e9d1                ringbuf_put
                0x000000000000ea5c                ringbuf_get
                0x000000000000ead6                ringbuf_size
                0x000000000000eaee                ringbuf_elements
 .text          0x000000000000eb1d      0xc6e contiki-whitefield.a(uip-ds6.o)
                0x000000000000eb1d                uip_ds6_init
                0x000000000000eccc                uip_ds6_periodic
                0x000000000000ed5c                uip_ds6_list_loop
                0x000000000000ee22                uip_ds6_prefix_add
                0x000000000000eef2                uip_ds6_prefix_rm
                0x000000000000ef0c                uip_ds6_prefix_lookup
                0x000000000000ef5c                uip_ds6_is_addr_onlink
                0x000000000000efe8                uip_ds6_addr_add
                0x000000000000f125                uip_ds6_addr_rm
                0x000000000000f1d9                uip_ds6_addr_lookup
                0x000000000000f223                uip_ds6_get_link_local
                0x000000000000f2b9                uip_ds6_get_global
                0x000000000000f34f                uip_ds6_maddr_add
                0x000000000000f3bd                uip_ds6_maddr_rm
                0x000000000000f3d7                uip_ds6_maddr_lookup
                0x000000000000f421                uip_ds6_aaddr_add
                0x000000000000f48f                uip_ds6_aaddr_rm
                0x000000000000f4a9                uip_ds6_aaddr_lookup
                0x000000000000f4f3                uip_ds6_select_src
                0x000000000000f66e                uip_ds6_set_addr_iid
                0x000000000000f6a3                get_match_length
                0x000000000000f74d                uip_ds6_compute_reachable_time
 .text          0x000000000000f78b      0xa54 contiki-whitefield.a(uip-ds6-route.o)
                0x000000000000f80e                uip_ds6_notification_add
                0x000000000000f851                uip_ds6_notification_rm
                0x000000000000f876                uip_ds6_route_init
                0x000000000000f90e                uip_ds6_route_nexthop
                0x000000000000f93e                uip_ds6_route_head
                0x000000000000f953                uip_ds6_route_next
                0x000000000000f983                uip_ds6_route_is_nexthop
                0x000000000000f9ce                uip_ds6_route_num_routes
                0x000000000000f9da                uip_ds6_route_lookup
                0x000000000000fab4                uip_ds6_route_add
                0x000000000000fd08                uip_ds6_route_rm
                0x000000000000fee0                uip_ds6_route_rm_by_nexthop
                0x000000000000ff25                uip_ds6_defrt_head
                0x000000000000ff3a                uip_ds6_defrt_add
                0x000000000000fff7                uip_ds6_defrt_rm
                0x0000000000010083                uip_ds6_defrt_lookup
                0x00000000000100e8                uip_ds6_defrt_choose
                0x0000000000010167                uip_ds6_defrt_periodic
 .text          0x00000000000101df     0x15a2 contiki-whitefield.a(uip6.o)
                0x000000000001029f                uip_chksum
                0x000000000001038d                uip_icmp6chksum
                0x000000000001039d                uip_udpchksum
                0x00000000000103ad                uip_init
                0x0000000000010407                remove_ext_hdr
                0x00000000000104e4                uip_udp_new
                0x0000000000010865                uip_process
                0x000000000001165f                uip_htons
                0x000000000001167e                uip_htonl
                0x00000000000116c2                uip_send
 .text          0x0000000000011781      0x2ef contiki-whitefield.a(uip-ds6-nbr.o)
                0x0000000000011781                uip_ds6_neighbors_init
                0x00000000000117a3                uip_ds6_nbr_add
                0x0000000000011836                uip_ds6_nbr_rm
                0x0000000000011884                uip_ds6_nbr_get_ipaddr
                0x00000000000118a0                uip_ds6_nbr_get_ll
                0x00000000000118c4                uip_ds6_nbr_num
                0x0000000000011912                uip_ds6_nbr_lookup
                0x0000000000011984                uip_ds6_nbr_ll_lookup
                0x00000000000119a8                uip_ds6_nbr_ipaddr_from_lladdr
                0x00000000000119d8                uip_ds6_nbr_lladdr_from_ipaddr
                0x0000000000011a10                uip_ds6_link_neighbor_callback
 .text          0x0000000000011a70      0x793 contiki-whitefield.a(uip-nd6.o)
                0x00000000000121f0                uip_nd6_init
 .text          0x0000000000012203     0x3b1f contiki-whitefield.a(sicslowpan.o)
                0x00000000000128f2                rime_sniffer_add
                0x0000000000012908                rime_sniffer_remove
                0x0000000000014600                sicslowpan_find_nexthopll
                0x00000000000147c6                sicslowpan_find_outgoing_vrbiface
                0x0000000000014a74                sicslowpan_free_vrb
                0x0000000000014ac6                sicslowpan_send_fragment
                0x0000000000015caf                sicslowpan_init
                0x0000000000015d16                sicslowpan_get_last_rssi
 .text          0x0000000000015d22      0x197 contiki-whitefield.a(uip-packetqueue)
                0x0000000000015d5a                uip_packetqueue_new
                0x0000000000015d70                uip_packetqueue_alloc
                0x0000000000015de6                uip_packetqueue_free
                0x0000000000015e37                uip_packetqueue_buf
                0x0000000000015e5f                uip_packetqueue_buflen
                0x0000000000015e8a                uip_packetqueue_set_buflen
 .text          0x0000000000015eb9      0x12d contiki-whitefield.a(uip-udp-packet.)
                0x0000000000015eb9                uip_udp_packet_send
                0x0000000000015f25                uip_udp_packet_sendto
 .text          0x0000000000015fe6      0x7c0 contiki-whitefield.a(tcpip.o)
                0x0000000000015fe6                tcpip_output
                0x0000000000016020                tcpip_set_outputfunc
                0x0000000000016070                udp_attach
                0x00000000000160a5                udp_new
                0x000000000001610b                udp_broadcast_new
                0x00000000000161a3                icmp6_new
                0x00000000000161de                tcpip_icmp6_call
                0x0000000000016312                tcpip_input
                0x000000000001633f                tcpip_ipv6_find_nexthop
                0x00000000000163a5                tcpip_ipv6_output
                0x0000000000016676                tcpip_poll_udp
                0x000000000001669d                tcpip_uipcall
 .text          0x00000000000167a6      0x174 contiki-whitefield.a(uip-debug.o)
                0x00000000000167a6                uip_debug_ipaddr_print
 .text          0x000000000001691a      0xb78 contiki-whitefield.a(rpl-ext-header.)
                0x000000000001691a                rpl_verify_hbh_header
                0x0000000000017207                rpl_remove_header
                0x00000000000173a8                rpl_update_header
 .text          0x0000000000017492      0x7fb contiki-whitefield.a(rpl.o)
                0x0000000000017492                rpl_get_mode
                0x000000000001749e                rpl_set_mode
                0x000000000001757d                rpl_purge_routes
                0x00000000000176d2                rpl_remove_routes
                0x0000000000017728                rpl_remove_routes_by_nexthop
                0x000000000001779d                rpl_add_route
                0x00000000000178a4                rpl_link_neighbor_callback
                0x000000000001798d                rpl_ipv6_neighbor_callback
                0x0000000000017a4f                rpl_purge_dags
                0x0000000000017be7                rpl_init
 .text          0x0000000000017c8d     0x3486 contiki-whitefield.a(rpl-icmp6.o)
                0x0000000000018338                rpl_icmp6_update_nbr_table
                0x0000000000018537                dis_output
                0x0000000000018f41                dio_output
                0x000000000001a360                dao_output
                0x000000000001a443                dao_output_target
                0x000000000001a8d4                dao_ack_output
                0x000000000001ad45                dco_output
                0x000000000001afe2                dco_ack_output
                0x000000000001b0c4                rpl_icmp6_register_handlers
 .text          0x000000000001b113     0x38e2 contiki-whitefield.a(rpl-dag.o)
                0x000000000001b113                rpl_print_neighbor_list
                0x000000000001b339                rpl_get_nbr
                0x000000000001b396                rpl_dag_init
                0x000000000001b3b3                rpl_get_parent
                0x000000000001b3df                rpl_get_parent_rank
                0x000000000001b41d                rpl_get_parent_link_metric
                0x000000000001b490                rpl_rank_via_parent
                0x000000000001b503                rpl_get_parent_lladdr
                0x000000000001b527                rpl_get_parent_ipaddr
                0x000000000001b551                rpl_get_parent_link_stats
                0x000000000001b57b                rpl_parent_is_fresh
                0x000000000001b5a5                rpl_parent_is_reachable
                0x000000000001b72f                lollipop_greater_than
                0x000000000001ba38                rpl_set_root
                0x000000000001bd4b                rpl_repair_root
                0x000000000001c043                rpl_set_prefix
                0x000000000001c179                rpl_set_default_route
                0x000000000001c258                rpl_alloc_instance
                0x000000000001c2f8                rpl_alloc_dag
                0x000000000001c3e3                rpl_set_default_instance
                0x000000000001c3f9                rpl_get_default_instance
                0x000000000001c406                rpl_free_instance
                0x000000000001c4f5                rpl_free_dag
                0x000000000001c5af                rpl_add_parent
                0x000000000001c6bd                rpl_find_parent
                0x000000000001c737                rpl_find_parent_any_dag
                0x000000000001c78a                rpl_select_dag
                0x000000000001cd15                rpl_select_parent
                0x000000000001ce04                rpl_remove_parent
                0x000000000001ce64                rpl_nullify_parent
                0x000000000001cfa4                rpl_move_parent
                0x000000000001d0fc                rpl_has_downward_route
                0x000000000001d157                rpl_get_dag
                0x000000000001d2a3                rpl_get_any_dag
                0x000000000001d314                rpl_get_instance
                0x000000000001d386                rpl_find_of
                0x000000000001d3c4                rpl_join_instance
                0x000000000001d7bd                rpl_add_dag
                0x000000000001dd01                rpl_local_repair
                0x000000000001de3d                rpl_recalculate_ranks
                0x000000000001df00                rpl_process_parent_event
                0x000000000001e246                rpl_process_dio
 .text          0x000000000001e9f5      0x32c contiki-whitefield.a(queuebuf.o)
                0x000000000001ea06                queuebuf_init
                0x000000000001ea25                queuebuf_numfree
                0x000000000001ea37                queuebuf_new_from_packetbuf
                0x000000000001eae0                queuebuf_update_attr_from_packetbuf
                0x000000000001eb1f                queuebuf_update_from_packetbuf
                0x000000000001eb77                queuebuf_free
                0x000000000001ebc6                queuebuf_to_packetbuf
                0x000000000001ec38                queuebuf_dataptr
                0x000000000001ec78                queuebuf_datalen
                0x000000000001eca4                queuebuf_addr
                0x000000000001ece3                queuebuf_attr
                0x000000000001ed1a                queuebuf_debug_print
 .text          0x000000000001ed21      0x9b8 contiki-whitefield.a(nbr-table.o)
                0x000000000001f2c7                nbr_table_register
                0x000000000001f32e                nbr_table_head
                0x000000000001f395                nbr_table_next
                0x000000000001f40b                nbr_table_add_lladdr
                0x000000000001f4fd                nbr_table_get_from_lladdr
                0x000000000001f555                nbr_table_remove
                0x000000000001f5a5                nbr_table_lock
                0x000000000001f5d3                nbr_table_unlock
                0x000000000001f601                nbr_table_get_lladdr
                0x000000000001f640                nbr_table_update_lladdr
 .text          0x000000000001f6d9      0x4ca contiki-whitefield.a(packetbuf.o)
                0x000000000001f6d9                packetbuf_clear
                0x000000000001f703                packetbuf_copyfrom
                0x000000000001f759                packetbuf_compact
                0x000000000001f7e0                packetbuf_copyto
                0x000000000001f883                packetbuf_hdralloc
                0x000000000001f90e                packetbuf_hdrreduce
                0x000000000001f95a                packetbuf_set_datalen
                0x000000000001f972                packetbuf_dataptr
                0x000000000001f994                packetbuf_hdrptr
                0x000000000001f9a1                packetbuf_datalen
                0x000000000001f9ae                packetbuf_hdrlen
                0x000000000001f9c6                packetbuf_totlen
                0x000000000001f9dd                packetbuf_remaininglen
                0x000000000001f9f1                packetbuf_attr_clear
                0x000000000001fa4b                packetbuf_attr_copyto
                0x000000000001fa8f                packetbuf_attr_copyfrom
                0x000000000001fad3                packetbuf_set_attr
                0x000000000001fb02                packetbuf_attr
                0x000000000001fb22                packetbuf_set_addr
                0x000000000001fb64                packetbuf_addr
                0x000000000001fb8a                packetbuf_holds_broadcast
 .text          0x000000000001fba3       0x34 contiki-whitefield.a(netstack.o)
                0x000000000001fba3                netstack_init
 .text          0x000000000001fbd7       0x71 contiki-whitefield.a(linkaddr.o)
                0x000000000001fbd7                linkaddr_copy
                0x000000000001fbf4                linkaddr_cmp
                0x000000000001fc26                linkaddr_set_node_addr
 .text          0x000000000001fc48       0x6c contiki-whitefield.a(net-debug.o)
                0x000000000001fc48                net_debug_lladdr_print
 .text          0x000000000001fcb4      0x369 contiki-whitefield.a(link-stats.o)
                0x000000000001fcb4                link_stats_from_lladdr
                0x000000000001fcd8                link_stats_is_fresh
                0x000000000001fd23                guess_etx_from_rssi
                0x000000000001fda4                link_stats_packet_sent
                0x000000000001feca                link_stats_input_callback
                0x000000000001ffe5                link_stats_init
 .text          0x000000000002001d       0xbe contiki-whitefield.a(framer-nullmac.)
 .text          0x00000000000200db       0x49 contiki-whitefield.a(mac.o)
                0x00000000000200db                mac_call_sent_callback
 .text          0x0000000000020124      0x327 contiki-whitefield.a(nullrdc.o)
 .text          0x000000000002044b       0x50 contiki-whitefield.a(nullsec.o)
 .text          0x000000000002049b     0x26e0 contiki-whitefield.a(command.o)
                0x000000000002049b                cmd_start_udp
                0x0000000000020519                cmd_get_udpapp_stat
                0x0000000000020c8d                uip_ipaddr_to_str
                0x0000000000020dec                cmd_def_route
                0x0000000000020e1d                cmd_rpl_stats
                0x0000000000021a1e                cmd_node_osname
                0x0000000000021a9c                cmd_ipv6_stats
                0x0000000000021f73                cmd_icmp_stats
                0x000000000002226a                cmd_udp_stats
                0x00000000000224f5                cmd_tcp_stats
                0x000000000002252d                cmd_nd6_stats
                0x000000000002274c                cmd_config_info
                0x00000000000228e7                cmd_route_table
 .text          0x0000000000022b7b       0xf8 contiki-whitefield.a(rtimer-arch.o)
                0x0000000000022b9f                rtimer_arch_init
                0x0000000000022bb7                rtimer_arch_schedule
 .text          0x0000000000022c73       0x2a contiki-whitefield.a(watchdog.o)
                0x0000000000022c73                watchdog_init
                0x0000000000022c7a                watchdog_start
                0x0000000000022c81                watchdog_periodic
                0x0000000000022c88                watchdog_stop
                0x0000000000022c8f                watchdog_reboot
 .text          0x0000000000022c9d      0x106 contiki-whitefield.a(stimer.o)
                0x0000000000022c9d                stimer_set
                0x0000000000022ccb                stimer_reset
                0x0000000000022cef                stimer_restart
                0x0000000000022d0d                stimer_expired
                0x0000000000022d4e                stimer_remaining
                0x0000000000022d80                stimer_elapsed
 .text          0x0000000000022da3      0x20e contiki-whitefield.a(memb.o)
                0x0000000000022da3                memb_init
                0x0000000000022e02                memb_alloc
                0x0000000000022e7a                memb_free
                0x0000000000022f12                memb_inmemb
                0x0000000000022f65                memb_numfree
 .text          0x0000000000022fb1      0xa7b contiki-whitefield.a(uip-icmp6.o)
                0x000000000002302c                uip_icmp6_input
                0x0000000000023088                uip_icmp6_register_input_handler
                0x00000000000232c8                uip_icmp6_error_output
                0x0000000000023683                uip_icmp6_send
                0x00000000000239a5                uip_icmp6_echo_reply_callback_add
                0x00000000000239e8                uip_icmp6_echo_reply_callback_rm
                0x0000000000023a0d                uip_icmp6_init
 .text          0x0000000000023a2c      0x396 contiki-whitefield.a(rpl-nbr-policy.)
                0x0000000000023c37                find_removable_dis
                0x0000000000023c63                find_removable_dio
                0x0000000000023cf8                find_removable_dao
                0x0000000000023d59                rpl_nbr_policy_find_removable
 .text          0x0000000000023dc2      0xa0c contiki-whitefield.a(rpl-timers.o)
                0x00000000000240db                rpl_reset_periodic_timer
                0x000000000002412e                rpl_reset_dio_timer
                0x00000000000243b0                rpl_schedule_dao
                0x00000000000243d0                rpl_schedule_dao_immediately
                0x00000000000243f0                rpl_cancel_dao
                0x000000000002446b                rpl_schedule_unicast_dio_immediately
                0x000000000002449d                get_probing_delay
                0x000000000002452c                get_probing_target
                0x000000000002478e                rpl_schedule_probing
 .text          0x00000000000247ce      0x724 contiki-whitefield.a(rpl-dag-root.o)
                0x0000000000024bfd                rpl_dag_root_init
                0x0000000000024c35                rpl_dag_root_init_dag_immediately
                0x0000000000024e62                rpl_dag_root_init_dag
                0x0000000000024e9c                rpl_dag_root_is_root
 .text          0x0000000000024ef2      0x1da contiki-whitefield.a(mac-sequence.o)
                0x0000000000024ef2                mac_sequence_is_duplicate
                0x0000000000024fd3                mac_sequence_register_seqno
 .text          0x00000000000250cc      0xb96 ../../../../bin/libwf_commline.a(cl_stackline_helpers.o)
                0x00000000000250cc                cl_get_id2longaddr
                0x00000000000252ed                cl_get_longaddr2id
                0x00000000000253be                sl_handle_cmd
 .text          0x0000000000025c62      0x441 ../../../../bin/libwf_commline.a(commline.o)
                0x0000000000025c62                cl_init
                0x0000000000025c87                cl_bind
                0x0000000000025ca6                cl_cleanup
                0x0000000000025cb2                cl_sendto_q
                0x0000000000025e90                cl_recvfrom_q
                0x0000000000026089                cl_get_descriptor
 .text          0x00000000000260a3     0x1430 ../../../../bin/libwf_commline.a(cl_usock.o)
                0x00000000000260a3                usock_setabsaddr
                0x0000000000026101                usock_init
                0x0000000000026949                usock_cleanup
                0x0000000000026b2c                usock_recvfrom
                0x0000000000026eda                usock_sendto
                0x0000000000027167                usock_get_descriptor
 *fill*         0x00000000000274d3        0xd 
 .text          0x00000000000274e0       0x61 /usr/lib/x86_64-linux-gnu/libc_nonshared.a(elf-init.oS)
                0x00000000000274e0                __libc_csu_init
                0x0000000000027540                __libc_csu_fini
 .text          0x0000000000027541        0x0 /usr/lib/gcc/x86_64-linux-gnu/8/crtendS.o
 .text          0x0000000000027541        0x0 /usr/lib/gcc/x86_64-linux-gnu/8/../../../x86_64-linux-gnu/crtn.o
 *(.gnu.warning)

.fini           0x0000000000027544        0x9
 *(SORT_NONE(.fini))
 .fini          0x0000000000027544        0x4 /usr/lib/gcc/x86_64-linux-gnu/8/../../../x86_64-linux-gnu/crti.o
                0x0000000000027544                _fini
 .fini          0x0000000000027548        0x5 /usr/lib/gcc/x86_64-linux-gnu/8/../../../x86_64-linux-gnu/crtn.o
                [!provide]                        PROVIDE (__etext = .)
                [!provide]                        PROVIDE (_etext = .)
                [!provide]                        PROVIDE (etext = .)
                0x0000000000028000                . = ALIGN (CONSTANT (MAXPAGESIZE))
                0x0000000000028000                . = SEGMENT_START ("rodata-segment", (ALIGN (CONSTANT (MAXPAGESIZE)) + (. & (CONSTANT (MAXPAGESIZE) - 0x1))))

.rodata         0x0000000000028000     0x3765
 *(.rodata .rodata.* .gnu.linkonce.r.*)
 .rodata.cst4   0x0000000000028000        0x4 /usr/lib/gcc/x86_64-linux-gnu/8/../../../x86_64-linux-gnu/Scrt1.o
                0x0000000000028000                _IO_stdin_used
 *fill*         0x0000000000028004        0x4 
 .rodata        0x0000000000028008      0x330 client.co
 .rodata        0x0000000000028338       0xce obj_whitefield/collect-common.o
 .rodata        0x0000000000028406       0x5d obj_whitefield/rpl-metrics-get.o
 *fill*         0x0000000000028463        0x5 
 .rodata        0x0000000000028468      0x172 contiki-whitefield.a(contiki-main.o)
 *fill*         0x00000000000285da        0x6 
 .rodata        0x00000000000285e0      0x10f contiki-whitefield.a(wfmac_driver.o)
 *fill*         0x00000000000286ef        0x1 
 .rodata        0x00000000000286f0       0xbb contiki-whitefield.a(wfradio_driver.)
 .rodata        0x00000000000287ab        0x7 contiki-whitefield.a(button-sensor.o)
 .rodata        0x00000000000287b2        0x4 contiki-whitefield.a(pir-sensor.o)
 .rodata        0x00000000000287b6        0xa contiki-whitefield.a(vib-sensor.o)
 .rodata        0x00000000000287c0        0x8 contiki-whitefield.a(sensors.o)
 .rodata        0x00000000000287c8       0x4b contiki-whitefield.a(command_storing)
 .rodata        0x0000000000028813        0xf contiki-whitefield.a(ctimer.o)
 .rodata        0x0000000000028822        0xc contiki-whitefield.a(etimer.o)
 .rodata        0x000000000002882e        0xe contiki-whitefield.a(serial-line.o)
 .rodata        0x000000000002883c       0xf4 contiki-whitefield.a(uip6.o)
 .rodata        0x0000000000028930      0xa88 contiki-whitefield.a(sicslowpan.o)
                0x0000000000028a0d                unc_llconf
                0x0000000000028a11                unc_ctxconf
                0x0000000000028a15                unc_mxconf
                0x0000000000028a19                llprefix
 .rodata        0x00000000000293b8        0xd contiki-whitefield.a(tcpip.o)
 .rodata        0x00000000000293c5       0x28 contiki-whitefield.a(uip-debug.o)
 *fill*         0x00000000000293ed        0x3 
 .rodata        0x00000000000293f0      0x1d2 contiki-whitefield.a(rpl.o)
 *fill*         0x00000000000295c2        0x6 
 .rodata        0x00000000000295c8      0xb83 contiki-whitefield.a(rpl-icmp6.o)
 *fill*         0x000000000002a14b        0x5 
 .rodata        0x000000000002a150      0xcb6 contiki-whitefield.a(rpl-dag.o)
 *fill*         0x000000000002ae06        0x2 
 .rodata        0x000000000002ae08        0x8 contiki-whitefield.a(linkaddr.o)
                0x000000000002ae08                linkaddr_null
 .rodata        0x000000000002ae10       0x14 contiki-whitefield.a(net-debug.o)
 .rodata        0x000000000002ae24        0x8 contiki-whitefield.a(nullrdc.o)
 .rodata        0x000000000002ae2c        0x8 contiki-whitefield.a(nullsec.o)
 *fill*         0x000000000002ae34        0x4 
 .rodata        0x000000000002ae38      0x576 contiki-whitefield.a(command.o)
 .rodata        0x000000000002b3ae       0x11 contiki-whitefield.a(rpl-dag-root.o)
 *fill*         0x000000000002b3bf        0x1 
 .rodata        0x000000000002b3c0      0x156 ../../../../bin/libwf_commline.a(cl_stackline_helpers.o)
 *fill*         0x000000000002b516        0x2 
 .rodata        0x000000000002b518       0xae ../../../../bin/libwf_commline.a(commline.o)
 *fill*         0x000000000002b5c6        0xa 
 .rodata        0x000000000002b5d0      0x195 ../../../../bin/libwf_commline.a(cl_usock.o)

.rodata1
 *(.rodata1)

.eh_frame_hdr   0x000000000002b768     0x1284
 *(.eh_frame_hdr)
 .eh_frame_hdr  0x000000000002b768     0x1284 /usr/lib/gcc/x86_64-linux-gnu/8/../../../x86_64-linux-gnu/Scrt1.o
                0x000000000002b768                __GNU_EH_FRAME_HDR
 *(.eh_frame_entry .eh_frame_entry.*)

.eh_frame       0x000000000002c9f0     0x4aa8
 *(.eh_frame)
 .eh_frame      0x000000000002c9f0       0x30 /usr/lib/gcc/x86_64-linux-gnu/8/../../../x86_64-linux-gnu/Scrt1.o
                                         0x2c (size before relaxing)
 *fill*         0x000000000002ca20        0x0 
 .eh_frame      0x000000000002ca20       0x40 /usr/lib/gcc/x86_64-linux-gnu/8/../../../x86_64-linux-gnu/Scrt1.o
 .eh_frame      0x000000000002ca60       0x18 /usr/lib/gcc/x86_64-linux-gnu/8/../../../x86_64-linux-gnu/Scrt1.o
                                         0x30 (size before relaxing)
 .eh_frame      0x000000000002ca78      0x1a8 client.co
                                        0x1c0 (size before relaxing)
 .eh_frame      0x000000000002cc20       0xa0 obj_whitefield/collect-common.o
                                         0xb8 (size before relaxing)
 .eh_frame      0x000000000002ccc0      0x128 obj_whitefield/rpl-metrics.o
                                        0x140 (size before relaxing)
 .eh_frame      0x000000000002cde8      0x140 obj_whitefield/rpl-metrics-get.o
                                        0x158 (size before relaxing)
 .eh_frame      0x000000000002cf28       0xe0 obj_whitefield/rpl-metrics-containers-OF.o
                                         0xf8 (size before relaxing)
 .eh_frame      0x000000000002d008       0x20 contiki-whitefield.a(collect-view.o)
                                         0x38 (size before relaxing)
 .eh_frame      0x000000000002d028       0x20 contiki-whitefield.a(collect-view-te)
                                         0x38 (size before relaxing)
 .eh_frame      0x000000000002d048       0xa0 contiki-whitefield.a(contiki-main.o)
                                         0xb8 (size before relaxing)
 .eh_frame      0x000000000002d0e8       0x60 contiki-whitefield.a(clock.o)
                                         0x78 (size before relaxing)
 .eh_frame      0x000000000002d148      0x108 contiki-whitefield.a(wfmac_driver.o)
                                        0x120 (size before relaxing)
 .eh_frame      0x000000000002d250      0x300 contiki-whitefield.a(wfradio_driver.)
                                        0x318 (size before relaxing)
 .eh_frame      0x000000000002d550       0x80 contiki-whitefield.a(button-sensor.o)
                                         0x98 (size before relaxing)
 .eh_frame      0x000000000002d5d0       0x80 contiki-whitefield.a(pir-sensor.o)
                                         0x98 (size before relaxing)
 .eh_frame      0x000000000002d650       0x80 contiki-whitefield.a(vib-sensor.o)
                                         0x98 (size before relaxing)
 .eh_frame      0x000000000002d6d0       0xc0 contiki-whitefield.a(sensors.o)
                                         0xd8 (size before relaxing)
 .eh_frame      0x000000000002d790       0x40 contiki-whitefield.a(command_storing)
                                         0x58 (size before relaxing)
 .eh_frame      0x000000000002d7d0      0x100 contiki-whitefield.a(ctimer.o)
                                        0x118 (size before relaxing)
 .eh_frame      0x000000000002d8d0       0x40 contiki-whitefield.a(autostart.o)
                                         0x58 (size before relaxing)
 .eh_frame      0x000000000002d910       0x80 contiki-whitefield.a(energest.o)
                                         0x98 (size before relaxing)
 .eh_frame      0x000000000002d990      0x1e0 contiki-whitefield.a(etimer.o)
                                        0x1f8 (size before relaxing)
 .eh_frame      0x000000000002db70      0x1c8 contiki-whitefield.a(process.o)
                                        0x1e0 (size before relaxing)
 .eh_frame      0x000000000002dd38       0x60 contiki-whitefield.a(rtimer.o)
                                         0x78 (size before relaxing)
 .eh_frame      0x000000000002dd98       0xa0 contiki-whitefield.a(timer.o)
                                         0xb8 (size before relaxing)
 .eh_frame      0x000000000002de38       0x60 contiki-whitefield.a(serial-line.o)
                                         0x78 (size before relaxing)
 .eh_frame      0x000000000002de98      0x100 contiki-whitefield.a(leds.o)
                                        0x118 (size before relaxing)
 .eh_frame      0x000000000002df98      0x180 contiki-whitefield.a(list.o)
                                        0x198 (size before relaxing)
 .eh_frame      0x000000000002e118       0x40 contiki-whitefield.a(random.o)
                                         0x58 (size before relaxing)
 .eh_frame      0x000000000002e158       0xa0 contiki-whitefield.a(ringbuf.o)
                                         0xb8 (size before relaxing)
 .eh_frame      0x000000000002e1f8      0x2c8 contiki-whitefield.a(uip-ds6.o)
                                        0x2e0 (size before relaxing)
 .eh_frame      0x000000000002e4c0      0x2c0 contiki-whitefield.a(uip-ds6-route.o)
                                        0x2d8 (size before relaxing)
 .eh_frame      0x000000000002e780      0x1a8 contiki-whitefield.a(uip6.o)
                                        0x1c0 (size before relaxing)
 .eh_frame      0x000000000002e928      0x160 contiki-whitefield.a(uip-ds6-nbr.o)
                                        0x178 (size before relaxing)
 .eh_frame      0x000000000002ea88       0x80 contiki-whitefield.a(uip-nd6.o)
                                         0x98 (size before relaxing)
 .eh_frame      0x000000000002eb08      0x348 contiki-whitefield.a(sicslowpan.o)
                                        0x360 (size before relaxing)
 .eh_frame      0x000000000002ee50       0xe0 contiki-whitefield.a(uip-packetqueue)
                                         0xf8 (size before relaxing)
 .eh_frame      0x000000000002ef30       0x40 contiki-whitefield.a(uip-udp-packet.)
                                         0x58 (size before relaxing)
 .eh_frame      0x000000000002ef70      0x208 contiki-whitefield.a(tcpip.o)
                                        0x220 (size before relaxing)
 .eh_frame      0x000000000002f178       0x20 contiki-whitefield.a(uip-debug.o)
                                         0x38 (size before relaxing)
 .eh_frame      0x000000000002f198       0xa0 contiki-whitefield.a(rpl-ext-header.)
                                         0xb8 (size before relaxing)
 .eh_frame      0x000000000002f238      0x140 contiki-whitefield.a(rpl.o)
                                        0x158 (size before relaxing)
 .eh_frame      0x000000000002f378      0x3e8 contiki-whitefield.a(rpl-icmp6.o)
                                        0x400 (size before relaxing)
 .eh_frame      0x000000000002f760      0x710 contiki-whitefield.a(rpl-dag.o)
                                        0x728 (size before relaxing)
 .eh_frame      0x000000000002fe70      0x1a0 contiki-whitefield.a(queuebuf.o)
                                        0x1b8 (size before relaxing)
 .eh_frame      0x0000000000030010      0x2a0 contiki-whitefield.a(nbr-table.o)
                                        0x2b8 (size before relaxing)
 .eh_frame      0x00000000000302b0      0x2a8 contiki-whitefield.a(packetbuf.o)
                                        0x2c0 (size before relaxing)
 .eh_frame      0x0000000000030558       0x20 contiki-whitefield.a(netstack.o)
                                         0x38 (size before relaxing)
 .eh_frame      0x0000000000030578       0x60 contiki-whitefield.a(linkaddr.o)
                                         0x78 (size before relaxing)
 .eh_frame      0x00000000000305d8       0x20 contiki-whitefield.a(net-debug.o)
                                         0x38 (size before relaxing)
 .eh_frame      0x00000000000305f8       0xe0 contiki-whitefield.a(link-stats.o)
                                         0xf8 (size before relaxing)
 .eh_frame      0x00000000000306d8       0x60 contiki-whitefield.a(framer-nullmac.)
                                         0x78 (size before relaxing)
 .eh_frame      0x0000000000030738       0x20 contiki-whitefield.a(mac.o)
                                         0x38 (size before relaxing)
 .eh_frame      0x0000000000030758      0x108 contiki-whitefield.a(nullrdc.o)
                                        0x120 (size before relaxing)
 .eh_frame      0x0000000000030860       0x60 contiki-whitefield.a(nullsec.o)
                                         0x78 (size before relaxing)
 .eh_frame      0x00000000000308c0      0x1a0 contiki-whitefield.a(command.o)
                                        0x1b8 (size before relaxing)
 .eh_frame      0x0000000000030a60       0x60 contiki-whitefield.a(rtimer-arch.o)
                                         0x78 (size before relaxing)
 .eh_frame      0x0000000000030ac0       0xa0 contiki-whitefield.a(watchdog.o)
                                         0xb8 (size before relaxing)
 .eh_frame      0x0000000000030b60       0xc0 contiki-whitefield.a(stimer.o)
                                         0xd8 (size before relaxing)
 .eh_frame      0x0000000000030c20       0xa0 contiki-whitefield.a(memb.o)
                                         0xb8 (size before relaxing)
 .eh_frame      0x0000000000030cc0      0x148 contiki-whitefield.a(uip-icmp6.o)
                                        0x160 (size before relaxing)
 .eh_frame      0x0000000000030e08       0xc0 contiki-whitefield.a(rpl-nbr-policy.)
                                         0xd8 (size before relaxing)
 .eh_frame      0x0000000000030ec8      0x228 contiki-whitefield.a(rpl-timers.o)
                                        0x240 (size before relaxing)
 .eh_frame      0x00000000000310f0      0x120 contiki-whitefield.a(rpl-dag-root.o)
                                        0x138 (size before relaxing)
 .eh_frame      0x0000000000031210       0x48 contiki-whitefield.a(mac-sequence.o)
                                         0x60 (size before relaxing)
 .eh_frame      0x0000000000031258       0x60 ../../../../bin/libwf_commline.a(cl_stackline_helpers.o)
                                         0x78 (size before relaxing)
 .eh_frame      0x00000000000312b8       0xc0 ../../../../bin/libwf_commline.a(commline.o)
                                         0xd8 (size before relaxing)
 .eh_frame      0x0000000000031378       0xc0 ../../../../bin/libwf_commline.a(cl_usock.o)
                                         0xd8 (size before relaxing)
 .eh_frame      0x0000000000031438       0x5c /usr/lib/x86_64-linux-gnu/libc_nonshared.a(elf-init.oS)
                                         0x78 (size before relaxing)
 .eh_frame      0x0000000000031494        0x4 /usr/lib/gcc/x86_64-linux-gnu/8/crtendS.o
 *(.eh_frame.*)

.gcc_except_table
 *(.gcc_except_table .gcc_except_table.*)

.gnu_extab
 *(.gnu_extab*)

.exception_ranges
 *(.exception_ranges*)
                0x0000000000032a90                . = DATA_SEGMENT_ALIGN (CONSTANT (MAXPAGESIZE), CONSTANT (COMMONPAGESIZE))

.eh_frame
 *(.eh_frame)
 *(.eh_frame.*)

.gnu_extab
 *(.gnu_extab)

.gcc_except_table
 *(.gcc_except_table .gcc_except_table.*)

.exception_ranges
 *(.exception_ranges*)

.tdata          0x0000000000032a90        0x0
                [!provide]                        PROVIDE (__tdata_start = .)
 *(.tdata .tdata.* .gnu.linkonce.td.*)

.tbss
 *(.tbss .tbss.* .gnu.linkonce.tb.*)
 *(.tcommon)

.preinit_array  0x0000000000032a90        0x0
                [!provide]                        PROVIDE (__preinit_array_start = .)
 *(.preinit_array)
                [!provide]                        PROVIDE (__preinit_array_end = .)

.init_array     0x0000000000032a90        0x8
                0x0000000000032a90                PROVIDE (__init_array_start = .)
 *(SORT_BY_INIT_PRIORITY(.init_array.*) SORT_BY_INIT_PRIORITY(.ctors.*))
 *(.init_array EXCLUDE_FILE(*crtend?.o *crtend.o *crtbegin?.o *crtbegin.o) .ctors)
 .init_array    0x0000000000032a90        0x8 /usr/lib/gcc/x86_64-linux-gnu/8/crtbeginS.o
                0x0000000000032a98                PROVIDE (__init_array_end = .)

.fini_array     0x0000000000032a98        0x8
                [!provide]                        PROVIDE (__fini_array_start = .)
 *(SORT_BY_INIT_PRIORITY(.fini_array.*) SORT_BY_INIT_PRIORITY(.dtors.*))
 *(.fini_array EXCLUDE_FILE(*crtend?.o *crtend.o *crtbegin?.o *crtbegin.o) .dtors)
 .fini_array    0x0000000000032a98        0x8 /usr/lib/gcc/x86_64-linux-gnu/8/crtbeginS.o
                [!provide]                        PROVIDE (__fini_array_end = .)

.ctors
 *crtbegin.o(.ctors)
 *crtbegin?.o(.ctors)
 *(EXCLUDE_FILE(*crtend?.o *crtend.o) .ctors)
 *(SORT_BY_NAME(.ctors.*))
 *(.ctors)

.dtors
 *crtbegin.o(.dtors)
 *crtbegin?.o(.dtors)
 *(EXCLUDE_FILE(*crtend?.o *crtend.o) .dtors)
 *(SORT_BY_NAME(.dtors.*))
 *(.dtors)

.jcr
 *(.jcr)

.data.rel.ro    0x0000000000032aa0      0x1e0
 *(.data.rel.ro.local* .gnu.linkonce.d.rel.ro.local.*)
 .data.rel.ro.local
                0x0000000000032aa0       0x38 contiki-whitefield.a(wfmac_driver.o)
                0x0000000000032aa0                wfmac_driver
 *fill*         0x0000000000032ad8        0x8 
 .data.rel.ro.local
                0x0000000000032ae0       0x70 contiki-whitefield.a(wfradio_driver.)
                0x0000000000032ae0                wfradio_driver
 *fill*         0x0000000000032b50       0x10 
 .data.rel.ro.local
                0x0000000000032b60       0x20 contiki-whitefield.a(button-sensor.o)
                0x0000000000032b60                button_sensor
 .data.rel.ro.local
                0x0000000000032b80       0x20 contiki-whitefield.a(pir-sensor.o)
                0x0000000000032b80                pir_sensor
 .data.rel.ro.local
                0x0000000000032ba0       0x20 contiki-whitefield.a(vib-sensor.o)
                0x0000000000032ba0                vib_sensor
 .data.rel.ro.local
                0x0000000000032bc0       0x18 contiki-whitefield.a(sicslowpan.o)
                0x0000000000032bc0                sicslowpan_driver
 *fill*         0x0000000000032bd8        0x8 
 .data.rel.ro.local
                0x0000000000032be0       0x18 contiki-whitefield.a(framer-nullmac.)
                0x0000000000032be0                framer_nullmac
 *fill*         0x0000000000032bf8        0x8 
 .data.rel.ro.local
                0x0000000000032c00       0x40 contiki-whitefield.a(nullrdc.o)
                0x0000000000032c00                nullrdc_driver
 .data.rel.ro.local
                0x0000000000032c40       0x20 contiki-whitefield.a(nullsec.o)
                0x0000000000032c40                nullsec_driver
 *(.data.rel.ro .data.rel.ro.* .gnu.linkonce.d.rel.ro.*)
 .data.rel.ro   0x0000000000032c60        0x0 /usr/lib/gcc/x86_64-linux-gnu/8/../../../x86_64-linux-gnu/Scrt1.o
 .data.rel.ro   0x0000000000032c60       0x18 client.co
                0x0000000000032c60                autostart_processes
 .data.rel.ro   0x0000000000032c78        0x8 contiki-whitefield.a(rpl-dag.o)

.dynamic        0x0000000000032c80      0x1f0
 *(.dynamic)
 .dynamic       0x0000000000032c80      0x1f0 /usr/lib/gcc/x86_64-linux-gnu/8/../../../x86_64-linux-gnu/Scrt1.o
                0x0000000000032c80                _DYNAMIC

.got            0x0000000000032e70      0x180
 *(.got.plt)
 .got.plt       0x0000000000032e70      0x158 /usr/lib/gcc/x86_64-linux-gnu/8/../../../x86_64-linux-gnu/Scrt1.o
                0x0000000000032e70                _GLOBAL_OFFSET_TABLE_
 *(.igot.plt)
 *(.got)
 .got           0x0000000000032fc8       0x28 /usr/lib/gcc/x86_64-linux-gnu/8/../../../x86_64-linux-gnu/Scrt1.o
 *(.igot)
                0x0000000000033000                . = DATA_SEGMENT_RELRO_END (., 0x0)

.data           0x0000000000033000      0x578
 *(.data .data.* .gnu.linkonce.d.*)
 .data          0x0000000000033000        0x4 /usr/lib/gcc/x86_64-linux-gnu/8/../../../x86_64-linux-gnu/Scrt1.o
                0x0000000000033000                data_start
                0x0000000000033000                __data_start
 .data          0x0000000000033004        0x0 /usr/lib/gcc/x86_64-linux-gnu/8/../../../x86_64-linux-gnu/crti.o
 .data          0x0000000000033004        0x0 /usr/lib/gcc/x86_64-linux-gnu/8/crtbeginS.o
 *fill*         0x0000000000033004        0x4 
 .data.rel.local
                0x0000000000033008        0x8 /usr/lib/gcc/x86_64-linux-gnu/8/crtbeginS.o
                0x0000000000033008                __dso_handle
 .data          0x0000000000033010        0x8 client.co
                0x0000000000033010                g_payload_len
                0x0000000000033014                g_auto_start
 *fill*         0x0000000000033018        0x8 
 .data.rel.local
                0x0000000000033020       0x20 client.co
                0x0000000000033020                udp_client_process
 .data          0x0000000000033040        0x4 obj_whitefield/collect-common.o
 *fill*         0x0000000000033044       0x1c 
 .data.rel.local
                0x0000000000033060       0x20 obj_whitefield/collect-common.o
                0x0000000000033060                collect_common_process
 .data          0x0000000000033080        0x0 obj_whitefield/rpl-metrics.o
 .data          0x0000000000033080        0x0 obj_whitefield/rpl-metrics-get.o
 .data          0x0000000000033080        0x1 obj_whitefield/rpl-metrics-containers-OF.o
 *fill*         0x0000000000033081       0x1f 
 .data.rel.local
                0x00000000000330a0       0x58 obj_whitefield/rpl-metrics-containers-OF.o
                0x00000000000330a0                rpl_metrics_containers_OF
 .data          0x00000000000330f8        0x0 contiki-whitefield.a(collect-view.o)
 .data          0x00000000000330f8        0x0 contiki-whitefield.a(collect-view-te)
 .data          0x00000000000330f8        0x0 contiki-whitefield.a(contiki-main.o)
 *fill*         0x00000000000330f8        0x8 
 .data.rel      0x0000000000033100       0x20 contiki-whitefield.a(contiki-main.o)
                0x0000000000033100                sensors
 .data          0x0000000000033120        0x0 contiki-whitefield.a(clock.o)
 .data          0x0000000000033120        0x0 contiki-whitefield.a(wfmac_driver.o)
 .data          0x0000000000033120        0x0 contiki-whitefield.a(wfradio_driver.)
 .data.rel.local
                0x0000000000033120       0x20 contiki-whitefield.a(wfradio_driver.)
                0x0000000000033120                wfradio_process
 .data          0x0000000000033140        0x0 contiki-whitefield.a(button-sensor.o)
 .data          0x0000000000033140        0x0 contiki-whitefield.a(pir-sensor.o)
 .data          0x0000000000033140        0x0 contiki-whitefield.a(vib-sensor.o)
 .data          0x0000000000033140        0x0 contiki-whitefield.a(sensors.o)
 .data.rel.local
                0x0000000000033140       0x20 contiki-whitefield.a(sensors.o)
                0x0000000000033140                sensors_process
 .data          0x0000000000033160        0x0 contiki-whitefield.a(command_storing)
 .data          0x0000000000033160        0x0 contiki-whitefield.a(ctimer.o)
 .data.rel.local
                0x0000000000033160       0x40 contiki-whitefield.a(ctimer.o)
                0x0000000000033180                ctimer_process
 .data          0x00000000000331a0        0x0 contiki-whitefield.a(autostart.o)
 .data          0x00000000000331a0        0x0 contiki-whitefield.a(energest.o)
 .data          0x00000000000331a0        0x0 contiki-whitefield.a(etimer.o)
 .data.rel.local
                0x00000000000331a0       0x20 contiki-whitefield.a(etimer.o)
                0x00000000000331a0                etimer_process
 .data          0x00000000000331c0        0x0 contiki-whitefield.a(process.o)
 .data          0x00000000000331c0        0x0 contiki-whitefield.a(rtimer.o)
 .data          0x00000000000331c0        0x0 contiki-whitefield.a(timer.o)
 .data          0x00000000000331c0        0x0 contiki-whitefield.a(serial-line.o)
 .data.rel.local
                0x00000000000331c0       0x20 contiki-whitefield.a(serial-line.o)
                0x00000000000331c0                serial_line_process
 .data          0x00000000000331e0        0x0 contiki-whitefield.a(leds.o)
 .data          0x00000000000331e0        0x0 contiki-whitefield.a(list.o)
 .data          0x00000000000331e0        0x0 contiki-whitefield.a(random.o)
 .data          0x00000000000331e0        0x0 contiki-whitefield.a(ringbuf.o)
 .data          0x00000000000331e0        0x0 contiki-whitefield.a(uip-ds6.o)
 .data          0x00000000000331e0        0x0 contiki-whitefield.a(uip-ds6-route.o)
 .data.rel.local
                0x00000000000331e0       0x80 contiki-whitefield.a(uip-ds6-route.o)
                0x00000000000331f8                nbr_routes
 .data          0x0000000000033260        0x0 contiki-whitefield.a(uip6.o)
 .data          0x0000000000033260        0x0 contiki-whitefield.a(uip-ds6-nbr.o)
 .data.rel.local
                0x0000000000033260       0x20 contiki-whitefield.a(uip-ds6-nbr.o)
                0x0000000000033278                ds6_neighbors
 .data          0x0000000000033280        0x0 contiki-whitefield.a(uip-nd6.o)
 .data.rel.local
                0x0000000000033280       0x18 contiki-whitefield.a(uip-nd6.o)
 .data          0x0000000000033298        0x2 contiki-whitefield.a(sicslowpan.o)
 *fill*         0x000000000003329a        0x6 
 .data.rel.local
                0x00000000000332a0       0x28 contiki-whitefield.a(sicslowpan.o)
 .data          0x00000000000332c8        0x0 contiki-whitefield.a(uip-packetqueue)
 *fill*         0x00000000000332c8        0x8 
 .data.rel.local
                0x00000000000332d0       0x18 contiki-whitefield.a(uip-packetqueue)
 .data          0x00000000000332e8        0x0 contiki-whitefield.a(uip-udp-packet.)
 .data          0x00000000000332e8        0x0 contiki-whitefield.a(tcpip.o)
 *fill*         0x00000000000332e8       0x18 
 .data.rel.local
                0x0000000000033300       0x20 contiki-whitefield.a(tcpip.o)
                0x0000000000033300                tcpip_process
 .data          0x0000000000033320        0x0 contiki-whitefield.a(uip-debug.o)
 .data          0x0000000000033320        0x0 contiki-whitefield.a(rpl-ext-header.)
 .data          0x0000000000033320        0x0 contiki-whitefield.a(rpl.o)
 .data          0x0000000000033320        0x3 contiki-whitefield.a(rpl-icmp6.o)
                0x0000000000033321                path_sequence
 *fill*         0x0000000000033323       0x1d 
 .data.rel.local
                0x0000000000033340      0x118 contiki-whitefield.a(rpl-icmp6.o)
                0x0000000000033340                rpl_mrhof
 .data          0x0000000000033458        0x0 contiki-whitefield.a(rpl-dag.o)
 *fill*         0x0000000000033458        0x8 
 .data.rel.local
                0x0000000000033460       0x20 contiki-whitefield.a(rpl-dag.o)
                0x0000000000033478                rpl_parents
 .data          0x0000000000033480        0x0 contiki-whitefield.a(queuebuf.o)
 .data.rel.local
                0x0000000000033480       0x38 contiki-whitefield.a(queuebuf.o)
 .data          0x00000000000334b8        0x0 contiki-whitefield.a(nbr-table.o)
 *fill*         0x00000000000334b8        0x8 
 .data.rel.local
                0x00000000000334c0       0x20 contiki-whitefield.a(nbr-table.o)
 .data          0x00000000000334e0        0x0 contiki-whitefield.a(packetbuf.o)
 .data.rel.local
                0x00000000000334e0        0x8 contiki-whitefield.a(packetbuf.o)
 .data          0x00000000000334e8        0x0 contiki-whitefield.a(netstack.o)
 .data          0x00000000000334e8        0x0 contiki-whitefield.a(linkaddr.o)
 .data          0x00000000000334e8        0x0 contiki-whitefield.a(net-debug.o)
 .data          0x00000000000334e8        0x0 contiki-whitefield.a(link-stats.o)
 *fill*         0x00000000000334e8        0x8 
 .data.rel.local
                0x00000000000334f0       0x20 contiki-whitefield.a(link-stats.o)
 .data          0x0000000000033510        0x0 contiki-whitefield.a(framer-nullmac.)
 .data          0x0000000000033510        0x0 contiki-whitefield.a(mac.o)
 .data          0x0000000000033510        0x0 contiki-whitefield.a(nullrdc.o)
 .data          0x0000000000033510        0x0 contiki-whitefield.a(nullsec.o)
 .data          0x0000000000033510        0x0 contiki-whitefield.a(command.o)
 .data          0x0000000000033510        0x0 contiki-whitefield.a(rtimer-arch.o)
 .data          0x0000000000033510        0x0 contiki-whitefield.a(watchdog.o)
 .data          0x0000000000033510        0x0 contiki-whitefield.a(stimer.o)
 .data          0x0000000000033510        0x0 contiki-whitefield.a(memb.o)
 .data          0x0000000000033510        0x0 contiki-whitefield.a(uip-icmp6.o)
 .data.rel.local
                0x0000000000033510       0x48 contiki-whitefield.a(uip-icmp6.o)
 .data          0x0000000000033558        0x0 contiki-whitefield.a(rpl-nbr-policy.)
 .data          0x0000000000033558        0x0 contiki-whitefield.a(rpl-timers.o)
 .data          0x0000000000033558        0x0 contiki-whitefield.a(rpl-dag-root.o)
 .data          0x0000000000033558        0x0 contiki-whitefield.a(mac-sequence.o)
 .data          0x0000000000033558        0x8 ../../../../bin/libwf_commline.a(cl_stackline_helpers.o)
 .data          0x0000000000033560        0x0 ../../../../bin/libwf_commline.a(commline.o)
 .data          0x0000000000033560       0x18 ../../../../bin/libwf_commline.a(cl_usock.o)
                0x0000000000033560                g_usock_fd
                0x0000000000033574                g_def_line
 .data          0x0000000000033578        0x0 /usr/lib/x86_64-linux-gnu/libc_nonshared.a(elf-init.oS)
 .data          0x0000000000033578        0x0 /usr/lib/gcc/x86_64-linux-gnu/8/crtendS.o
 .data          0x0000000000033578        0x0 /usr/lib/gcc/x86_64-linux-gnu/8/../../../x86_64-linux-gnu/crtn.o

.tm_clone_table
                0x0000000000033578        0x0
 .tm_clone_table
                0x0000000000033578        0x0 /usr/lib/gcc/x86_64-linux-gnu/8/crtbeginS.o
 .tm_clone_table
                0x0000000000033578        0x0 /usr/lib/gcc/x86_64-linux-gnu/8/crtendS.o

.data1
 *(.data1)
                0x0000000000033578                _edata = .
                [!provide]                        PROVIDE (edata = .)
                0x0000000000033578                . = .
                0x0000000000033578                __bss_start = .

.bss            0x0000000000033580     0xa9c0
 *(.dynbss)
 .dynbss        0x0000000000033580        0x8 /usr/lib/gcc/x86_64-linux-gnu/8/../../../x86_64-linux-gnu/Scrt1.o
                0x0000000000033580                stdout@@GLIBC_2.2.5
 *(.bss .bss.* .gnu.linkonce.b.*)
 .bss           0x0000000000033588        0x0 /usr/lib/gcc/x86_64-linux-gnu/8/../../../x86_64-linux-gnu/Scrt1.o
 .bss           0x0000000000033588        0x0 /usr/lib/gcc/x86_64-linux-gnu/8/../../../x86_64-linux-gnu/crti.o
 .bss           0x0000000000033588        0x1 /usr/lib/gcc/x86_64-linux-gnu/8/crtbeginS.o
 *fill*         0x0000000000033589       0x17 
 .bss           0x00000000000335a0       0xc0 client.co
                0x00000000000335a0                g_seq
                0x00000000000335a4                g_send_interval
                0x00000000000335a8                udp_started
 .bss           0x0000000000033660       0x60 obj_whitefield/collect-common.o
 .bss           0x00000000000336c0        0x0 obj_whitefield/rpl-metrics.o
 .bss           0x00000000000336c0        0x6 obj_whitefield/rpl-metrics-get.o
 .bss           0x00000000000336c6        0x0 obj_whitefield/rpl-metrics-containers-OF.o
 *fill*         0x00000000000336c6        0x2 
 .bss           0x00000000000336c8       0x20 contiki-whitefield.a(collect-view.o)
 .bss           0x00000000000336e8        0x0 contiki-whitefield.a(collect-view-te)
 *fill*         0x00000000000336e8       0x18 
 .bss           0x0000000000033700       0xa0 contiki-whitefield.a(contiki-main.o)
                0x0000000000033700                gNodeID
                0x0000000000033720                gMutex
 .bss           0x00000000000337a0        0x0 contiki-whitefield.a(clock.o)
 .bss           0x00000000000337a0       0x40 contiki-whitefield.a(wfmac_driver.o)
 .bss           0x00000000000337e0       0x20 contiki-whitefield.a(wfradio_driver.)
 .bss           0x0000000000033800        0x0 contiki-whitefield.a(button-sensor.o)
 .bss           0x0000000000033800        0x4 contiki-whitefield.a(pir-sensor.o)
 .bss           0x0000000000033804        0x4 contiki-whitefield.a(vib-sensor.o)
 .bss           0x0000000000033808        0xc contiki-whitefield.a(sensors.o)
 .bss           0x0000000000033814        0x0 contiki-whitefield.a(command_storing)
 *fill*         0x0000000000033814        0x4 
 .bss           0x0000000000033818        0x9 contiki-whitefield.a(ctimer.o)
 .bss           0x0000000000033821        0x0 contiki-whitefield.a(autostart.o)
 .bss           0x0000000000033821        0x0 contiki-whitefield.a(energest.o)
 *fill*         0x0000000000033821        0x7 
 .bss           0x0000000000033828       0x10 contiki-whitefield.a(etimer.o)
 *fill*         0x0000000000033838        0x8 
 .bss           0x0000000000033840      0x321 contiki-whitefield.a(process.o)
                0x0000000000033840                process_list
                0x0000000000033848                process_current
 *fill*         0x0000000000033b61        0x7 
 .bss           0x0000000000033b68        0x8 contiki-whitefield.a(rtimer.o)
 .bss           0x0000000000033b70        0x0 contiki-whitefield.a(timer.o)
 *fill*         0x0000000000033b70       0x10 
 .bss           0x0000000000033b80      0x140 contiki-whitefield.a(serial-line.o)
 .bss           0x0000000000033cc0        0x1 contiki-whitefield.a(leds.o)
 .bss           0x0000000000033cc1        0x0 contiki-whitefield.a(list.o)
 .bss           0x0000000000033cc1        0x0 contiki-whitefield.a(random.o)
 .bss           0x0000000000033cc1        0x0 contiki-whitefield.a(ringbuf.o)
 *fill*         0x0000000000033cc1        0xf 
 .bss           0x0000000000033cd0       0x30 contiki-whitefield.a(uip-ds6.o)
 .bss           0x0000000000033d00     0x2728 contiki-whitefield.a(uip-ds6-route.o)
 .bss           0x0000000000036428        0x6 contiki-whitefield.a(uip6.o)
                0x0000000000036428                uip_ext_bitmap
                0x0000000000036429                uip_ext_len
                0x000000000003642a                uip_ext_opt_offset
 *fill*         0x000000000003642e       0x12 
 .bss           0x0000000000036440      0xc80 contiki-whitefield.a(uip-ds6-nbr.o)
 .bss           0x00000000000370c0       0x20 contiki-whitefield.a(uip-nd6.o)
 .bss           0x00000000000370e0     0x26e8 contiki-whitefield.a(sicslowpan.o)
 *fill*         0x00000000000397c8       0x18 
 .bss           0x00000000000397e0      0xad0 contiki-whitefield.a(uip-packetqueue)
 .bss           0x000000000003a2b0        0x0 contiki-whitefield.a(uip-udp-packet.)
 *fill*         0x000000000003a2b0       0x10 
 .bss           0x000000000003a2c0       0x28 contiki-whitefield.a(tcpip.o)
 .bss           0x000000000003a2e8        0x0 contiki-whitefield.a(uip-debug.o)
 .bss           0x000000000003a2e8        0x0 contiki-whitefield.a(rpl-ext-header.)
 .bss           0x000000000003a2e8        0x4 contiki-whitefield.a(rpl.o)
 .bss           0x000000000003a2ec        0x2 contiki-whitefield.a(rpl-icmp6.o)
                0x000000000003a2ec                rpl_leaf
                0x000000000003a2ed                leaf_dio
 *fill*         0x000000000003a2ee       0x12 
 .bss           0x000000000003a300     0x15e0 contiki-whitefield.a(rpl-dag.o)
 .bss           0x000000000003b8e0      0x600 contiki-whitefield.a(queuebuf.o)
 .bss           0x000000000003bee0      0x828 contiki-whitefield.a(nbr-table.o)
 *fill*         0x000000000003c708       0x18 
 .bss           0x000000000003c720       0xa0 contiki-whitefield.a(packetbuf.o)
 .bss           0x000000000003c7c0        0x0 contiki-whitefield.a(netstack.o)
 .bss           0x000000000003c7c0        0x0 contiki-whitefield.a(linkaddr.o)
 .bss           0x000000000003c7c0        0x0 contiki-whitefield.a(net-debug.o)
 .bss           0x000000000003c7c0      0x640 contiki-whitefield.a(link-stats.o)
 .bss           0x000000000003ce00        0x0 contiki-whitefield.a(framer-nullmac.)
 .bss           0x000000000003ce00        0x0 contiki-whitefield.a(mac.o)
 .bss           0x000000000003ce00        0x0 contiki-whitefield.a(nullrdc.o)
 .bss           0x000000000003ce00        0x0 contiki-whitefield.a(nullsec.o)
 .bss           0x000000000003ce00        0x0 contiki-whitefield.a(command.o)
 .bss           0x000000000003ce00        0x0 contiki-whitefield.a(rtimer-arch.o)
 .bss           0x000000000003ce00        0x0 contiki-whitefield.a(watchdog.o)
 .bss           0x000000000003ce00        0x0 contiki-whitefield.a(stimer.o)
 .bss           0x000000000003ce00        0x0 contiki-whitefield.a(memb.o)
 .bss           0x000000000003ce00       0x20 contiki-whitefield.a(uip-icmp6.o)
 .bss           0x000000000003ce20       0x64 contiki-whitefield.a(rpl-nbr-policy.)
 *fill*         0x000000000003ce84       0x1c 
 .bss           0x000000000003cea0       0x43 contiki-whitefield.a(rpl-timers.o)
 *fill*         0x000000000003cee3       0x1d 
 .bss           0x000000000003cf00       0x71 contiki-whitefield.a(rpl-dag-root.o)
 *fill*         0x000000000003cf71        0xf 
 .bss           0x000000000003cf80      0x180 contiki-whitefield.a(mac-sequence.o)
 .bss           0x000000000003d100       0x20 ../../../../bin/libwf_commline.a(cl_stackline_helpers.o)
 .bss           0x000000000003d120       0x20 ../../../../bin/libwf_commline.a(commline.o)
 .bss           0x000000000003d140       0xa0 ../../../../bin/libwf_commline.a(cl_usock.o)
 .bss           0x000000000003d1e0        0x0 /usr/lib/x86_64-linux-gnu/libc_nonshared.a(elf-init.oS)
 .bss           0x000000000003d1e0        0x0 /usr/lib/gcc/x86_64-linux-gnu/8/crtendS.o
 .bss           0x000000000003d1e0        0x0 /usr/lib/gcc/x86_64-linux-gnu/8/../../../x86_64-linux-gnu/crtn.o
 *(COMMON)
 COMMON         0x000000000003d1e0       0x38 client.co
                0x000000000003d1e0                g_pktstat
 COMMON         0x000000000003d218        0x4 contiki-whitefield.a(contiki-main.o)
                0x000000000003d218                sensors_flags
 *fill*         0x000000000003d21c        0x4 
 COMMON         0x000000000003d220        0x8 contiki-whitefield.a(wfmac_driver.o)
                0x000000000003d220                g_mac_sent_cb
 COMMON         0x000000000003d228        0x1 contiki-whitefield.a(sensors.o)
                0x000000000003d228                sensors_event
 COMMON         0x000000000003d229        0x1 contiki-whitefield.a(serial-line.o)
                0x000000000003d229                serial_line_event_message
 *fill*         0x000000000003d22a       0x16 
 COMMON         0x000000000003d240      0x1c1 contiki-whitefield.a(uip-ds6.o)
                0x000000000003d240                uip_ds6_prefix_list
                0x000000000003d2a0                uip_ds6_timer_periodic
                0x000000000003d2c0                uip_ds6_netif_addr_list_offset
                0x000000000003d2e0                uip_ds6_if
                0x000000000003d3f0                uip_ds6_timer_ra
                0x000000000003d400                uip_ds6_addr_size
 *fill*         0x000000000003d401       0x1f 
 COMMON         0x000000000003d420      0x78c contiki-whitefield.a(uip6.o)
                0x000000000003d420                uip_slen
                0x000000000003d430                uip_icmp6_conns
                0x000000000003d440                uip_lladdr
                0x000000000003d448                uip_appdata
                0x000000000003d450                uip_flags
                0x000000000003d460                uip_aligned_buf
                0x000000000003d960                uip_len
                0x000000000003d968                uip_sappdata
                0x000000000003d980                uip_udp_conns
                0x000000000003db60                uip_udp_conn
                0x000000000003db68                uip_next_hdr
                0x000000000003db70                uip_conn
                0x000000000003db80                uip_stat
 COMMON         0x000000000003dbac        0x1 contiki-whitefield.a(sicslowpan.o)
                0x000000000003dbac                p
 COMMON         0x000000000003dbad        0x2 contiki-whitefield.a(tcpip.o)
                0x000000000003dbad                tcpip_icmp6_event
                0x000000000003dbae                tcpip_event
 *fill*         0x000000000003dbaf       0x11 
 COMMON         0x000000000003dbc0       0x48 contiki-whitefield.a(rpl.o)
                0x000000000003dbc0                rpl_stats
 *fill*         0x000000000003dc08       0x18 
 COMMON         0x000000000003dc20      0x290 contiki-whitefield.a(rpl-dag.o)
                0x000000000003dc20                default_instance
                0x000000000003dc40                instance_table
 COMMON         0x000000000003deb0       0x30 contiki-whitefield.a(packetbuf.o)
                0x000000000003deb0                packetbuf_attrs
                0x000000000003ded0                packetbuf_addrs
 COMMON         0x000000000003dee0        0x8 contiki-whitefield.a(linkaddr.o)
                0x000000000003dee0                linkaddr_node_addr
 *fill*         0x000000000003dee8       0x18 
 COMMON         0x000000000003df00       0x40 contiki-whitefield.a(link-stats.o)
                0x000000000003df00                periodic_timer
                0x000000000003df40                . = ALIGN ((. != 0x0)?0x8:0x1)

.lbss
 *(.dynlbss)
 *(.lbss .lbss.* .gnu.linkonce.lb.*)
 *(LARGE_COMMON)
                0x000000000003df40                . = ALIGN (0x8)
                0x000000000003df40                . = SEGMENT_START ("ldata-segment", .)

.lrodata
 *(.lrodata .lrodata.* .gnu.linkonce.lr.*)

.ldata          0x000000000003ff40        0x0
 *(.ldata .ldata.* .gnu.linkonce.l.*)
                0x000000000003ff40                . = ALIGN ((. != 0x0)?0x8:0x1)
                0x000000000003ff40                . = ALIGN (0x8)
                0x000000000003df40                _end = .
                [!provide]                        PROVIDE (end = .)
                0x000000000003ff40                . = DATA_SEGMENT_END (.)

.stab
 *(.stab)

.stabstr
 *(.stabstr)

.stab.excl
 *(.stab.excl)

.stab.exclstr
 *(.stab.exclstr)

.stab.index
 *(.stab.index)

.stab.indexstr
 *(.stab.indexstr)

.comment        0x0000000000000000       0x23
 *(.comment)
 .comment       0x0000000000000000       0x23 /usr/lib/gcc/x86_64-linux-gnu/8/crtbeginS.o
                                         0x24 (size before relaxing)
 .comment       0x0000000000000023       0x24 client.co
 .comment       0x0000000000000023       0x24 obj_whitefield/collect-common.o
 .comment       0x0000000000000023       0x24 obj_whitefield/rpl-metrics.o
 .comment       0x0000000000000023       0x24 obj_whitefield/rpl-metrics-get.o
 .comment       0x0000000000000023       0x24 obj_whitefield/rpl-metrics-containers-OF.o
 .comment       0x0000000000000023       0x24 contiki-whitefield.a(collect-view.o)
 .comment       0x0000000000000023       0x24 contiki-whitefield.a(collect-view-te)
 .comment       0x0000000000000023       0x24 contiki-whitefield.a(contiki-main.o)
 .comment       0x0000000000000023       0x24 contiki-whitefield.a(clock.o)
 .comment       0x0000000000000023       0x24 contiki-whitefield.a(wfmac_driver.o)
 .comment       0x0000000000000023       0x24 contiki-whitefield.a(wfradio_driver.)
 .comment       0x0000000000000023       0x24 contiki-whitefield.a(button-sensor.o)
 .comment       0x0000000000000023       0x24 contiki-whitefield.a(pir-sensor.o)
 .comment       0x0000000000000023       0x24 contiki-whitefield.a(vib-sensor.o)
 .comment       0x0000000000000023       0x24 contiki-whitefield.a(sensors.o)
 .comment       0x0000000000000023       0x24 contiki-whitefield.a(command_storing)
 .comment       0x0000000000000023       0x24 contiki-whitefield.a(ctimer.o)
 .comment       0x0000000000000023       0x24 contiki-whitefield.a(autostart.o)
 .comment       0x0000000000000023       0x24 contiki-whitefield.a(energest.o)
 .comment       0x0000000000000023       0x24 contiki-whitefield.a(etimer.o)
 .comment       0x0000000000000023       0x24 contiki-whitefield.a(process.o)
 .comment       0x0000000000000023       0x24 contiki-whitefield.a(rtimer.o)
 .comment       0x0000000000000023       0x24 contiki-whitefield.a(timer.o)
 .comment       0x0000000000000023       0x24 contiki-whitefield.a(serial-line.o)
 .comment       0x0000000000000023       0x24 contiki-whitefield.a(leds.o)
 .comment       0x0000000000000023       0x24 contiki-whitefield.a(list.o)
 .comment       0x0000000000000023       0x24 contiki-whitefield.a(random.o)
 .comment       0x0000000000000023       0x24 contiki-whitefield.a(ringbuf.o)
 .comment       0x0000000000000023       0x24 contiki-whitefield.a(uip-ds6.o)
 .comment       0x0000000000000023       0x24 contiki-whitefield.a(uip-ds6-route.o)
 .comment       0x0000000000000023       0x24 contiki-whitefield.a(uip6.o)
 .comment       0x0000000000000023       0x24 contiki-whitefield.a(uip-ds6-nbr.o)
 .comment       0x0000000000000023       0x24 contiki-whitefield.a(uip-nd6.o)
 .comment       0x0000000000000023       0x24 contiki-whitefield.a(sicslowpan.o)
 .comment       0x0000000000000023       0x24 contiki-whitefield.a(uip-packetqueue)
 .comment       0x0000000000000023       0x24 contiki-whitefield.a(uip-udp-packet.)
 .comment       0x0000000000000023       0x24 contiki-whitefield.a(tcpip.o)
 .comment       0x0000000000000023       0x24 contiki-whitefield.a(uip-debug.o)
 .comment       0x0000000000000023       0x24 contiki-whitefield.a(rpl-ext-header.)
 .comment       0x0000000000000023       0x24 contiki-whitefield.a(rpl.o)
 .comment       0x0000000000000023       0x24 contiki-whitefield.a(rpl-icmp6.o)
 .comment       0x0000000000000023       0x24 contiki-whitefield.a(rpl-dag.o)
 .comment       0x0000000000000023       0x24 contiki-whitefield.a(queuebuf.o)
 .comment       0x0000000000000023       0x24 contiki-whitefield.a(nbr-table.o)
 .comment       0x0000000000000023       0x24 contiki-whitefield.a(packetbuf.o)
 .comment       0x0000000000000023       0x24 contiki-whitefield.a(netstack.o)
 .comment       0x0000000000000023       0x24 contiki-whitefield.a(linkaddr.o)
 .comment       0x0000000000000023       0x24 contiki-whitefield.a(net-debug.o)
 .comment       0x0000000000000023       0x24 contiki-whitefield.a(link-stats.o)
 .comment       0x0000000000000023       0x24 contiki-whitefield.a(framer-nullmac.)
 .comment       0x0000000000000023       0x24 contiki-whitefield.a(mac.o)
 .comment       0x0000000000000023       0x24 contiki-whitefield.a(nullrdc.o)
 .comment       0x0000000000000023       0x24 contiki-whitefield.a(nullsec.o)
 .comment       0x0000000000000023       0x24 contiki-whitefield.a(command.o)
 .comment       0x0000000000000023       0x24 contiki-whitefield.a(rtimer-arch.o)
 .comment       0x0000000000000023       0x24 contiki-whitefield.a(watchdog.o)
 .comment       0x0000000000000023       0x24 contiki-whitefield.a(stimer.o)
 .comment       0x0000000000000023       0x24 contiki-whitefield.a(memb.o)
 .comment       0x0000000000000023       0x24 contiki-whitefield.a(uip-icmp6.o)
 .comment       0x0000000000000023       0x24 contiki-whitefield.a(rpl-nbr-policy.)
 .comment       0x0000000000000023       0x24 contiki-whitefield.a(rpl-timers.o)
 .comment       0x0000000000000023       0x24 contiki-whitefield.a(rpl-dag-root.o)
 .comment       0x0000000000000023       0x24 contiki-whitefield.a(mac-sequence.o)
 .comment       0x0000000000000023       0x24 ../../../../bin/libwf_commline.a(cl_stackline_helpers.o)
 .comment       0x0000000000000023       0x24 ../../../../bin/libwf_commline.a(commline.o)
 .comment       0x0000000000000023       0x24 ../../../../bin/libwf_commline.a(cl_usock.o)
 .comment       0x0000000000000023       0x24 /usr/lib/gcc/x86_64-linux-gnu/8/crtendS.o

.gnu.build.attributes
 *(.gnu.build.attributes .gnu.build.attributes.*)

.debug
 *(.debug)

.line
 *(.line)

.debug_srcinfo
 *(.debug_srcinfo)

.debug_sfnames
 *(.debug_sfnames)

.debug_aranges  0x0000000000000000      0xc60
 *(.debug_aranges)
 .debug_aranges
                0x0000000000000000       0x30 client.co
 .debug_aranges
                0x0000000000000030       0x30 obj_whitefield/collect-common.o
 .debug_aranges
                0x0000000000000060       0x30 obj_whitefield/rpl-metrics.o
 .debug_aranges
                0x0000000000000090       0x30 obj_whitefield/rpl-metrics-get.o
 .debug_aranges
                0x00000000000000c0       0x30 obj_whitefield/rpl-metrics-containers-OF.o
 .debug_aranges
                0x00000000000000f0       0x30 contiki-whitefield.a(collect-view.o)
 .debug_aranges
                0x0000000000000120       0x30 contiki-whitefield.a(collect-view-te)
 .debug_aranges
                0x0000000000000150       0x30 contiki-whitefield.a(contiki-main.o)
 .debug_aranges
                0x0000000000000180       0x30 contiki-whitefield.a(clock.o)
 .debug_aranges
                0x00000000000001b0       0x30 contiki-whitefield.a(wfmac_driver.o)
 .debug_aranges
                0x00000000000001e0       0x30 contiki-whitefield.a(wfradio_driver.)
 .debug_aranges
                0x0000000000000210       0x30 contiki-whitefield.a(button-sensor.o)
 .debug_aranges
                0x0000000000000240       0x30 contiki-whitefield.a(pir-sensor.o)
 .debug_aranges
                0x0000000000000270       0x30 contiki-whitefield.a(vib-sensor.o)
 .debug_aranges
                0x00000000000002a0       0x30 contiki-whitefield.a(sensors.o)
 .debug_aranges
                0x00000000000002d0       0x30 contiki-whitefield.a(command_storing)
 .debug_aranges
                0x0000000000000300       0x30 contiki-whitefield.a(ctimer.o)
 .debug_aranges
                0x0000000000000330       0x30 contiki-whitefield.a(autostart.o)
 .debug_aranges
                0x0000000000000360       0x30 contiki-whitefield.a(energest.o)
 .debug_aranges
                0x0000000000000390       0x30 contiki-whitefield.a(etimer.o)
 .debug_aranges
                0x00000000000003c0       0x30 contiki-whitefield.a(process.o)
 .debug_aranges
                0x00000000000003f0       0x30 contiki-whitefield.a(rtimer.o)
 .debug_aranges
                0x0000000000000420       0x30 contiki-whitefield.a(timer.o)
 .debug_aranges
                0x0000000000000450       0x30 contiki-whitefield.a(serial-line.o)
 .debug_aranges
                0x0000000000000480       0x30 contiki-whitefield.a(leds.o)
 .debug_aranges